<html>
<body>
<pre>
<h1>µVision Build Log</h1>
<h2>Tool Versions:</h2>
IDE-Version: µVision V5.38.0.0
Copyright (C) 2022 ARM Ltd and ARM Germany GmbH. All rights reserved.
License Information: Pablo Landriz, University of California, Santa Barbara, LIC=----
 
Tool Versions:
Toolchain:       MDK-Lite  Version: 5.38.0.0
Toolchain Path:  C:\Keil_v5\ARM\ARMCLANG\Bin
C Compiler:      ArmClang.exe V6.19
Assembler:       Armasm.exe V6.19
Linker/Locator:  ArmLink.exe V6.19
Library Manager: ArmAr.exe V6.19
Hex Converter:   FromElf.exe V6.19
CPU DLL:         SARMCM3.DLL V5.38.0.0
Dialog DLL:      DCM.DLL V1.17.5.0
Target DLL:      STLink\ST-LINKIII-KEIL_SWO.dll V3.1.0.0
Dialog DLL:      TCM.DLL V1.56.4.0
 
<h2>Project:</h2>
C:\Users\jamesellenstein\Desktop\FinalProj154\Template_Project\Template_Project\Part_B_and_C\project.uvprojx
Project File Date:  05/31/2023

<h2>Output:</h2>
*** Using Compiler 'V6.19', folder: 'C:\Keil_v5\ARM\ARMCLANG\Bin'
Build target 'Target 1'
src/UART.c(165): warning: passing 'volatile char[256]' to parameter of type 'char *' discards qualifiers [-Wincompatible-pointer-types-discards-qualifiers]
                UART_onInput(inputs, input_size);
                             ^~~~~~
src/UART.h(28): note: passing argument to parameter 'inputs' here
void UART_onInput(char* inputs, uint32_t size);
                        ^
src/UART.c(182): warning: initializing 'uint8_t *' (aka 'unsigned char *') with an expression of type 'volatile uint8_t *' (aka 'volatile unsigned char *') discards qualifiers [-Wincompatible-pointer-types-discards-qualifiers]
                uint8_t * tmp = active;
                          ^     ~~~~~~
src/UART.c(185): warning: passing 'volatile uint8_t *' (aka 'volatile unsigned char *') to parameter of type 'char *' discards qualifiers [-Wincompatible-pointer-types-discards-qualifiers]
                UART_print(active);
                           ^~~~~~
src/UART.c(134): note: passing argument to parameter 'data' here
void UART_print(char* data) {
                      ^
src/UART.c(200): warning: implicit conversion loses integer precision: 'volatile uint16_t' (aka 'volatile unsigned short') to 'char' [-Wimplicit-int-conversion]
                transfer_data(USART2->RDR);
                ~~~~~~~~~~~~~ ~~~~~~~~^~~
src/UART.c(13): warning: unused variable 'tx' [-Wunused-variable]
static volatile DMA_Channel_TypeDef * tx;
                                      ^
5 warnings generated.
compiling UART.c...
linking...
Program Size: Code=9360 RO-data=996 RW-data=8 ZI-data=2672  
FromELF: creating hex file...
".\Objects\project.axf" - 0 Error(s), 5 Warning(s).

<h2>Software Packages used:</h2>

Package Vendor: ARM
                http://www.keil.com/pack/ARM.CMSIS.5.9.0.pack
                ARM.CMSIS.5.9.0
                CMSIS (Common Microcontroller Software Interface Standard)
   * Component: CORE Version: 5.6.0

Package Vendor: Keil
                http://www.keil.com/pack/Keil.STM32L4xx_DFP.2.6.1.pack
                Keil.STM32L4xx_DFP.2.6.1
                STMicroelectronics STM32L4 Series Device Support, Drivers and Examples

<h2>Collection of Component include folders:</h2>
  ./RTE/_Target_1
  C:/Keil_v5/ARM/CMSIS/5.9.0/CMSIS/Core/Include
  C:/Keil_v5/Keil/STM32L4xx_DFP/2.6.1/Drivers/CMSIS/Device/ST/STM32L4xx/Include

<h2>Collection of Component Files used:</h2>

   * Component: ARM::CMSIS:CORE:5.6.0
Build Time Elapsed:  00:00:00
</pre>
</body>
</html>
